Archive member included because of file (symbol)

g:/eman/study/imt/imt_sdk_win_64/imt_sdk_win_64/winavr/bin/../lib/gcc/avr/4.3.3/avr5\libgcc.a(_exit.o)
                              g:/eman/study/imt/imt_sdk_win_64/imt_sdk_win_64/winavr/bin/../lib/gcc/avr/4.3.3/../../../../avr/lib/avr5/crtm32.o (exit)
g:/eman/study/imt/imt_sdk_win_64/imt_sdk_win_64/winavr/bin/../lib/gcc/avr/4.3.3/avr5\libgcc.a(_copy_data.o)
                              ./tasks.o (__do_copy_data)
g:/eman/study/imt/imt_sdk_win_64/imt_sdk_win_64/winavr/bin/../lib/gcc/avr/4.3.3/avr5\libgcc.a(_clear_bss.o)
                              ./croutine.o (__do_clear_bss)
g:/eman/study/imt/imt_sdk_win_64/imt_sdk_win_64/winavr/bin/../lib/gcc/avr/4.3.3/../../../../avr/lib/avr5\libc.a(memcpy.o)
                              ./queue.o (memcpy)
g:/eman/study/imt/imt_sdk_win_64/imt_sdk_win_64/winavr/bin/../lib/gcc/avr/4.3.3/../../../../avr/lib/avr5\libc.a(memset.o)
                              ./tasks.o (memset)
g:/eman/study/imt/imt_sdk_win_64/imt_sdk_win_64/winavr/bin/../lib/gcc/avr/4.3.3/../../../../avr/lib/avr5\libc.a(strncpy.o)
                              ./tasks.o (strncpy)

Allocating common symbols
Common symbol       size              file

semaphor_led        0x2               ./main.o

Memory Configuration

Name             Origin             Length             Attributes
text             0x00000000         0x00020000         xr
data             0x00800060         0x0000ffa0         rw !x
eeprom           0x00810000         0x00010000         rw !x
fuse             0x00820000         0x00000400         rw !x
lock             0x00830000         0x00000400         rw !x
signature        0x00840000         0x00000400         rw !x
*default*        0x00000000         0xffffffff

Linker script and memory map

LOAD g:/eman/study/imt/imt_sdk_win_64/imt_sdk_win_64/winavr/bin/../lib/gcc/avr/4.3.3/../../../../avr/lib/avr5/crtm32.o
LOAD ./DIO_pro.o
LOAD ./croutine.o
LOAD ./heap_1.o
LOAD ./list.o
LOAD ./main.o
LOAD ./port.o
LOAD ./queue.o
LOAD ./tasks.o
LOAD ./timers.o
LOAD g:/eman/study/imt/imt_sdk_win_64/imt_sdk_win_64/winavr/bin/../lib/gcc/avr/4.3.3/avr5\libgcc.a
LOAD g:/eman/study/imt/imt_sdk_win_64/imt_sdk_win_64/winavr/bin/../lib/gcc/avr/4.3.3/../../../../avr/lib/avr5\libc.a
LOAD g:/eman/study/imt/imt_sdk_win_64/imt_sdk_win_64/winavr/bin/../lib/gcc/avr/4.3.3/avr5\libgcc.a

.hash
 *(.hash)

.dynsym
 *(.dynsym)

.dynstr
 *(.dynstr)

.gnu.version
 *(.gnu.version)

.gnu.version_d
 *(.gnu.version_d)

.gnu.version_r
 *(.gnu.version_r)

.rel.init
 *(.rel.init)

.rela.init
 *(.rela.init)

.rel.text
 *(.rel.text)
 *(.rel.text.*)
 *(.rel.gnu.linkonce.t*)

.rela.text
 *(.rela.text)
 *(.rela.text.*)
 *(.rela.gnu.linkonce.t*)

.rel.fini
 *(.rel.fini)

.rela.fini
 *(.rela.fini)

.rel.rodata
 *(.rel.rodata)
 *(.rel.rodata.*)
 *(.rel.gnu.linkonce.r*)

.rela.rodata
 *(.rela.rodata)
 *(.rela.rodata.*)
 *(.rela.gnu.linkonce.r*)

.rel.data
 *(.rel.data)
 *(.rel.data.*)
 *(.rel.gnu.linkonce.d*)

.rela.data
 *(.rela.data)
 *(.rela.data.*)
 *(.rela.gnu.linkonce.d*)

.rel.ctors
 *(.rel.ctors)

.rela.ctors
 *(.rela.ctors)

.rel.dtors
 *(.rel.dtors)

.rela.dtors
 *(.rela.dtors)

.rel.got
 *(.rel.got)

.rela.got
 *(.rela.got)

.rel.bss
 *(.rel.bss)

.rela.bss
 *(.rela.bss)

.rel.plt
 *(.rel.plt)

.rela.plt
 *(.rela.plt)

.text           0x00000000     0x2d22
 *(.vectors)
 .vectors       0x00000000       0x54 g:/eman/study/imt/imt_sdk_win_64/imt_sdk_win_64/winavr/bin/../lib/gcc/avr/4.3.3/../../../../avr/lib/avr5/crtm32.o
                0x00000000                __vectors
                0x00000000                __vector_default
 *(.vectors)
 *(.progmem.gcc*)
 *(.progmem*)
                0x00000054                . = ALIGN (0x2)
                0x00000054                __trampolines_start = .
 *(.trampolines)
 .trampolines   0x00000054        0x0 linker stubs
 *(.trampolines*)
                0x00000054                __trampolines_end = .
 *(.jumptables)
 *(.jumptables*)
 *(.lowtext)
 *(.lowtext*)
                0x00000054                __ctors_start = .
 *(.ctors)
                0x00000054                __ctors_end = .
                0x00000054                __dtors_start = .
 *(.dtors)
                0x00000054                __dtors_end = .
 SORT(*)(.ctors)
 SORT(*)(.dtors)
 *(.init0)
 .init0         0x00000054        0x0 g:/eman/study/imt/imt_sdk_win_64/imt_sdk_win_64/winavr/bin/../lib/gcc/avr/4.3.3/../../../../avr/lib/avr5/crtm32.o
                0x00000054                __init
 *(.init0)
 *(.init1)
 *(.init1)
 *(.init2)
 .init2         0x00000054        0xc g:/eman/study/imt/imt_sdk_win_64/imt_sdk_win_64/winavr/bin/../lib/gcc/avr/4.3.3/../../../../avr/lib/avr5/crtm32.o
 *(.init2)
 *(.init3)
 *(.init3)
 *(.init4)
 .init4         0x00000060       0x16 g:/eman/study/imt/imt_sdk_win_64/imt_sdk_win_64/winavr/bin/../lib/gcc/avr/4.3.3/avr5\libgcc.a(_copy_data.o)
                0x00000060                __do_copy_data
 .init4         0x00000076       0x10 g:/eman/study/imt/imt_sdk_win_64/imt_sdk_win_64/winavr/bin/../lib/gcc/avr/4.3.3/avr5\libgcc.a(_clear_bss.o)
                0x00000076                __do_clear_bss
 *(.init4)
 *(.init5)
 *(.init5)
 *(.init6)
 *(.init6)
 *(.init7)
 *(.init7)
 *(.init8)
 *(.init8)
 *(.init9)
 .init9         0x00000086        0x8 g:/eman/study/imt/imt_sdk_win_64/imt_sdk_win_64/winavr/bin/../lib/gcc/avr/4.3.3/../../../../avr/lib/avr5/crtm32.o
 *(.init9)
 *(.text)
 .text          0x0000008e        0x4 g:/eman/study/imt/imt_sdk_win_64/imt_sdk_win_64/winavr/bin/../lib/gcc/avr/4.3.3/../../../../avr/lib/avr5/crtm32.o
                0x0000008e                __vector_1
                0x0000008e                __vector_12
                0x0000008e                __bad_interrupt
                0x0000008e                __vector_6
                0x0000008e                __vector_3
                0x0000008e                __vector_11
                0x0000008e                __vector_13
                0x0000008e                __vector_17
                0x0000008e                __vector_19
                0x0000008e                __vector_5
                0x0000008e                __vector_4
                0x0000008e                __vector_9
                0x0000008e                __vector_2
                0x0000008e                __vector_15
                0x0000008e                __vector_8
                0x0000008e                __vector_14
                0x0000008e                __vector_10
                0x0000008e                __vector_16
                0x0000008e                __vector_18
                0x0000008e                __vector_20
 .text          0x00000092        0x0 ./DIO_pro.o
 .text          0x00000092        0x0 ./croutine.o
 .text          0x00000092        0x0 ./heap_1.o
 .text          0x00000092        0x0 ./list.o
 .text          0x00000092        0x0 ./main.o
 .text          0x00000092        0x0 ./port.o
 .text          0x00000092        0x0 ./queue.o
 .text          0x00000092        0x0 ./tasks.o
 .text          0x00000092        0x0 ./timers.o
 .text          0x00000092        0x0 g:/eman/study/imt/imt_sdk_win_64/imt_sdk_win_64/winavr/bin/../lib/gcc/avr/4.3.3/avr5\libgcc.a(_exit.o)
 .text          0x00000092        0x0 g:/eman/study/imt/imt_sdk_win_64/imt_sdk_win_64/winavr/bin/../lib/gcc/avr/4.3.3/avr5\libgcc.a(_copy_data.o)
 .text          0x00000092        0x0 g:/eman/study/imt/imt_sdk_win_64/imt_sdk_win_64/winavr/bin/../lib/gcc/avr/4.3.3/avr5\libgcc.a(_clear_bss.o)
 .text          0x00000092        0x0 g:/eman/study/imt/imt_sdk_win_64/imt_sdk_win_64/winavr/bin/../lib/gcc/avr/4.3.3/../../../../avr/lib/avr5\libc.a(memcpy.o)
 .text          0x00000092        0x0 g:/eman/study/imt/imt_sdk_win_64/imt_sdk_win_64/winavr/bin/../lib/gcc/avr/4.3.3/../../../../avr/lib/avr5\libc.a(memset.o)
 .text          0x00000092        0x0 g:/eman/study/imt/imt_sdk_win_64/imt_sdk_win_64/winavr/bin/../lib/gcc/avr/4.3.3/../../../../avr/lib/avr5\libc.a(strncpy.o)
                0x00000092                . = ALIGN (0x2)
 *(.text.*)
 .text.M_DIO_Vid_WrtPinDir
                0x00000092      0x176 ./DIO_pro.o
                0x00000092                M_DIO_Vid_WrtPinDir
 .text.M_DIO_Vid_wrtPinVal
                0x00000208      0x176 ./DIO_pro.o
                0x00000208                M_DIO_Vid_wrtPinVal
 .text.M_DIO_u8_READPinVal
                0x0000037e       0xf4 ./DIO_pro.o
                0x0000037e                M_DIO_u8_READPinVal
 .text.M_DIO_Vid_WrtPortDir
                0x00000472       0x82 ./DIO_pro.o
                0x00000472                M_DIO_Vid_WrtPortDir
 .text.M_DIO_Vid_WrtPortVal
                0x000004f4       0x82 ./DIO_pro.o
                0x000004f4                M_DIO_Vid_WrtPortVal
 .text.M_DIO_u8_ReadPortVal
                0x00000576       0x84 ./DIO_pro.o
                0x00000576                M_DIO_u8_ReadPortVal
 .text.xCoRoutineCreate
                0x000005fa      0x128 ./croutine.o
                0x000005fa                xCoRoutineCreate
 .text.vCoRoutineAddToDelayedList
                0x00000722       0xc2 ./croutine.o
                0x00000722                vCoRoutineAddToDelayedList
 .text.prvCheckPendingReadyList
                0x000007e4       0x94 ./croutine.o
 .text.prvCheckDelayedList
                0x00000878      0x15c ./croutine.o
 .text.vCoRoutineSchedule
                0x000009d4       0xf4 ./croutine.o
                0x000009d4                vCoRoutineSchedule
 .text.prvInitialiseCoRoutineLists
                0x00000ac8       0x72 ./croutine.o
 .text.xCoRoutineRemoveFromEventList
                0x00000b3a       0x70 ./croutine.o
                0x00000b3a                xCoRoutineRemoveFromEventList
 .text.pvPortMalloc
                0x00000baa       0x8c ./heap_1.o
                0x00000baa                pvPortMalloc
 .text.vPortFree
                0x00000c36       0x18 ./heap_1.o
                0x00000c36                vPortFree
 .text.vPortInitialiseBlocks
                0x00000c4e       0x16 ./heap_1.o
                0x00000c4e                vPortInitialiseBlocks
 .text.xPortGetFreeHeapSize
                0x00000c64       0x1e ./heap_1.o
                0x00000c64                xPortGetFreeHeapSize
 .text.vListInitialise
                0x00000c82       0x54 ./list.o
                0x00000c82                vListInitialise
 .text.vListInitialiseItem
                0x00000cd6       0x20 ./list.o
                0x00000cd6                vListInitialiseItem
 .text.vListInsertEnd
                0x00000cf6       0x98 ./list.o
                0x00000cf6                vListInsertEnd
 .text.vListInsert
                0x00000d8e       0xd8 ./list.o
                0x00000d8e                vListInsert
 .text.vListRemove
                0x00000e66       0x92 ./list.o
                0x00000e66                vListRemove
 .text.main     0x00000ef8       0x92 ./main.o
                0x00000ef8                main
 .text.Button   0x00000f8a       0x6c ./main.o
                0x00000f8a                Button
 .text.Led      0x00000ff6       0x6e ./main.o
                0x00000ff6                Led
 .text.pxPortInitialiseStack
                0x00001064      0x306 ./port.o
                0x00001064                pxPortInitialiseStack
 .text.xPortStartScheduler
                0x0000136a       0x6a ./port.o
                0x0000136a                xPortStartScheduler
 .text.vPortEndScheduler
                0x000013d4        0xe ./port.o
                0x000013d4                vPortEndScheduler
 .text.vPortYield
                0x000013e2       0xb2 ./port.o
                0x000013e2                vPortYield
 .text.vPortYieldFromTick
                0x00001494       0xb6 ./port.o
                0x00001494                vPortYieldFromTick
 .text.prvSetupTimerInterrupt
                0x0000154a       0xb8 ./port.o
 .text.__vector_7
                0x00001602        0x6 ./port.o
                0x00001602                __vector_7
 .text.xQueueCreate
                0x00001608      0x152 ./queue.o
                0x00001608                xQueueCreate
 .text.xQueueGenericSend
                0x0000175a      0x13c ./queue.o
                0x0000175a                xQueueGenericSend
 .text.xQueueGenericSendFromISR
                0x00001896       0x9a ./queue.o
                0x00001896                xQueueGenericSendFromISR
 .text.xQueueGenericReceive
                0x00001930      0x180 ./queue.o
                0x00001930                xQueueGenericReceive
 .text.xQueueReceiveFromISR
                0x00001ab0       0x9e ./queue.o
                0x00001ab0                xQueueReceiveFromISR
 .text.uxQueueMessagesWaiting
                0x00001b4e       0x30 ./queue.o
                0x00001b4e                uxQueueMessagesWaiting
 .text.uxQueueMessagesWaitingFromISR
                0x00001b7e       0x26 ./queue.o
                0x00001b7e                uxQueueMessagesWaitingFromISR
 .text.vQueueDelete
                0x00001ba4       0x2c ./queue.o
                0x00001ba4                vQueueDelete
 .text.prvCopyDataToQueue
                0x00001bd0      0x12a ./queue.o
 .text.prvCopyDataFromQueue
                0x00001cfa       0x90 ./queue.o
 .text.prvUnlockQueue
                0x00001d8a       0xa8 ./queue.o
 .text.prvIsQueueEmpty
                0x00001e32       0x38 ./queue.o
 .text.xQueueIsQueueEmptyFromISR
                0x00001e6a       0x2e ./queue.o
                0x00001e6a                xQueueIsQueueEmptyFromISR
 .text.prvIsQueueFull
                0x00001e98       0x3e ./queue.o
 .text.xQueueIsQueueFullFromISR
                0x00001ed6       0x34 ./queue.o
                0x00001ed6                xQueueIsQueueFullFromISR
 .text.xTaskGenericCreate
                0x00001f0a      0x1da ./tasks.o
                0x00001f0a                xTaskGenericCreate
 .text.vTaskDelete
                0x000020e4       0xc6 ./tasks.o
                0x000020e4                vTaskDelete
 .text.vTaskDelayUntil
                0x000021aa       0xe8 ./tasks.o
                0x000021aa                vTaskDelayUntil
 .text.vTaskDelay
                0x00002292       0x6a ./tasks.o
                0x00002292                vTaskDelay
 .text.vTaskStartScheduler
                0x000022fc       0x6e ./tasks.o
                0x000022fc                vTaskStartScheduler
 .text.vTaskEndScheduler
                0x0000236a       0x18 ./tasks.o
                0x0000236a                vTaskEndScheduler
 .text.vTaskSuspendAll
                0x00002382       0x18 ./tasks.o
                0x00002382                vTaskSuspendAll
 .text.xTaskResumeAll
                0x0000239a      0x114 ./tasks.o
                0x0000239a                xTaskResumeAll
 .text.xTaskGetTickCount
                0x000024ae       0x2e ./tasks.o
                0x000024ae                xTaskGetTickCount
 .text.xTaskGetTickCountFromISR
                0x000024dc       0x2a ./tasks.o
                0x000024dc                xTaskGetTickCountFromISR
 .text.uxTaskGetNumberOfTasks
                0x00002506       0x12 ./tasks.o
                0x00002506                uxTaskGetNumberOfTasks
 .text.vTaskIncrementTick
                0x00002518      0x1aa ./tasks.o
                0x00002518                vTaskIncrementTick
 .text.vTaskSwitchContext
                0x000026c2       0xcc ./tasks.o
                0x000026c2                vTaskSwitchContext
 .text.vTaskPlaceOnEventList
                0x0000278e       0x6c ./tasks.o
                0x0000278e                vTaskPlaceOnEventList
 .text.xTaskRemoveFromEventList
                0x000027fa       0xd0 ./tasks.o
                0x000027fa                xTaskRemoveFromEventList
 .text.vTaskSetTimeOutState
                0x000028ca       0x32 ./tasks.o
                0x000028ca                vTaskSetTimeOutState
 .text.xTaskCheckForTimeOut
                0x000028fc       0xba ./tasks.o
                0x000028fc                xTaskCheckForTimeOut
 .text.vTaskMissedYield
                0x000029b6       0x14 ./tasks.o
                0x000029b6                vTaskMissedYield
 .text.prvIdleTask
                0x000029ca       0x14 ./tasks.o
 .text.prvInitialiseTCBVariables
                0x000029de       0xae ./tasks.o
 .text.prvInitialiseTaskLists
                0x00002a8c       0x7a ./tasks.o
 .text.prvCheckTasksWaitingTermination
                0x00002b06       0x7c ./tasks.o
 .text.prvAddCurrentTaskToDelayedList
                0x00002b82       0x92 ./tasks.o
 .text.prvAllocateTCBAndStack
                0x00002c14       0xa0 ./tasks.o
 .text.prvDeleteTCB
                0x00002cb4       0x2c ./tasks.o
 .text.libgcc   0x00002ce0        0x0 g:/eman/study/imt/imt_sdk_win_64/imt_sdk_win_64/winavr/bin/../lib/gcc/avr/4.3.3/avr5\libgcc.a(_exit.o)
 .text.libgcc   0x00002ce0        0x0 g:/eman/study/imt/imt_sdk_win_64/imt_sdk_win_64/winavr/bin/../lib/gcc/avr/4.3.3/avr5\libgcc.a(_copy_data.o)
 .text.libgcc   0x00002ce0        0x0 g:/eman/study/imt/imt_sdk_win_64/imt_sdk_win_64/winavr/bin/../lib/gcc/avr/4.3.3/avr5\libgcc.a(_clear_bss.o)
 .text.avr-libc
                0x00002ce0       0x12 g:/eman/study/imt/imt_sdk_win_64/imt_sdk_win_64/winavr/bin/../lib/gcc/avr/4.3.3/../../../../avr/lib/avr5\libc.a(memcpy.o)
                0x00002ce0                memcpy
 .text.avr-libc
                0x00002cf2        0xe g:/eman/study/imt/imt_sdk_win_64/imt_sdk_win_64/winavr/bin/../lib/gcc/avr/4.3.3/../../../../avr/lib/avr5\libc.a(memset.o)
                0x00002cf2                memset
 .text.avr-libc
                0x00002d00       0x1e g:/eman/study/imt/imt_sdk_win_64/imt_sdk_win_64/winavr/bin/../lib/gcc/avr/4.3.3/../../../../avr/lib/avr5\libc.a(strncpy.o)
                0x00002d00                strncpy
                0x00002d1e                . = ALIGN (0x2)
 *(.fini9)
 .fini9         0x00002d1e        0x0 g:/eman/study/imt/imt_sdk_win_64/imt_sdk_win_64/winavr/bin/../lib/gcc/avr/4.3.3/avr5\libgcc.a(_exit.o)
                0x00002d1e                exit
                0x00002d1e                _exit
 *(.fini9)
 *(.fini8)
 *(.fini8)
 *(.fini7)
 *(.fini7)
 *(.fini6)
 *(.fini6)
 *(.fini5)
 *(.fini5)
 *(.fini4)
 *(.fini4)
 *(.fini3)
 *(.fini3)
 *(.fini2)
 *(.fini2)
 *(.fini1)
 *(.fini1)
 *(.fini0)
 .fini0         0x00002d1e        0x4 g:/eman/study/imt/imt_sdk_win_64/imt_sdk_win_64/winavr/bin/../lib/gcc/avr/4.3.3/avr5\libgcc.a(_exit.o)
 *(.fini0)
                0x00002d22                _etext = .

.data           0x00800060        0x8 load address 0x00002d22
                0x00800060                PROVIDE (__data_start, .)
 *(.data)
 .data          0x00800060        0x0 g:/eman/study/imt/imt_sdk_win_64/imt_sdk_win_64/winavr/bin/../lib/gcc/avr/4.3.3/../../../../avr/lib/avr5/crtm32.o
 .data          0x00800060        0x0 ./DIO_pro.o
 .data          0x00800060        0x0 ./croutine.o
 .data          0x00800060        0x0 ./heap_1.o
 .data          0x00800060        0x0 ./list.o
 .data          0x00800060        0x0 ./main.o
 .data          0x00800060        0x0 ./port.o
 .data          0x00800060        0x0 ./queue.o
 .data          0x00800060        0x5 ./tasks.o
 .data          0x00800065        0x0 ./timers.o
 .data          0x00800065        0x0 g:/eman/study/imt/imt_sdk_win_64/imt_sdk_win_64/winavr/bin/../lib/gcc/avr/4.3.3/avr5\libgcc.a(_exit.o)
 .data          0x00800065        0x0 g:/eman/study/imt/imt_sdk_win_64/imt_sdk_win_64/winavr/bin/../lib/gcc/avr/4.3.3/avr5\libgcc.a(_copy_data.o)
 .data          0x00800065        0x0 g:/eman/study/imt/imt_sdk_win_64/imt_sdk_win_64/winavr/bin/../lib/gcc/avr/4.3.3/avr5\libgcc.a(_clear_bss.o)
 .data          0x00800065        0x0 g:/eman/study/imt/imt_sdk_win_64/imt_sdk_win_64/winavr/bin/../lib/gcc/avr/4.3.3/../../../../avr/lib/avr5\libc.a(memcpy.o)
 .data          0x00800065        0x0 g:/eman/study/imt/imt_sdk_win_64/imt_sdk_win_64/winavr/bin/../lib/gcc/avr/4.3.3/../../../../avr/lib/avr5\libc.a(memset.o)
 .data          0x00800065        0x0 g:/eman/study/imt/imt_sdk_win_64/imt_sdk_win_64/winavr/bin/../lib/gcc/avr/4.3.3/../../../../avr/lib/avr5\libc.a(strncpy.o)
 *(.data*)
 .data.xNextTaskUnblockTime
                0x00800065        0x2 ./tasks.o
 *(.rodata)
 *(.rodata*)
 *(.gnu.linkonce.d*)
                0x00800068                . = ALIGN (0x2)
 *fill*         0x00800067        0x1 00
                0x00800068                _edata = .
                0x00800068                PROVIDE (__data_end, .)

.bss            0x00800068      0x2f9
                0x00800068                PROVIDE (__bss_start, .)
 *(.bss)
 .bss           0x00800068        0x0 g:/eman/study/imt/imt_sdk_win_64/imt_sdk_win_64/winavr/bin/../lib/gcc/avr/4.3.3/../../../../avr/lib/avr5/crtm32.o
 .bss           0x00800068        0x0 ./DIO_pro.o
 .bss           0x00800068        0x0 ./croutine.o
 .bss           0x00800068        0x0 ./heap_1.o
 .bss           0x00800068        0x0 ./list.o
 .bss           0x00800068        0x0 ./main.o
 .bss           0x00800068        0x0 ./port.o
 .bss           0x00800068        0x0 ./queue.o
 .bss           0x00800068        0x0 ./tasks.o
 .bss           0x00800068        0x0 ./timers.o
 .bss           0x00800068        0x0 g:/eman/study/imt/imt_sdk_win_64/imt_sdk_win_64/winavr/bin/../lib/gcc/avr/4.3.3/avr5\libgcc.a(_exit.o)
 .bss           0x00800068        0x0 g:/eman/study/imt/imt_sdk_win_64/imt_sdk_win_64/winavr/bin/../lib/gcc/avr/4.3.3/avr5\libgcc.a(_copy_data.o)
 .bss           0x00800068        0x0 g:/eman/study/imt/imt_sdk_win_64/imt_sdk_win_64/winavr/bin/../lib/gcc/avr/4.3.3/avr5\libgcc.a(_clear_bss.o)
 .bss           0x00800068        0x0 g:/eman/study/imt/imt_sdk_win_64/imt_sdk_win_64/winavr/bin/../lib/gcc/avr/4.3.3/../../../../avr/lib/avr5\libc.a(memcpy.o)
 .bss           0x00800068        0x0 g:/eman/study/imt/imt_sdk_win_64/imt_sdk_win_64/winavr/bin/../lib/gcc/avr/4.3.3/../../../../avr/lib/avr5\libc.a(memset.o)
 .bss           0x00800068        0x0 g:/eman/study/imt/imt_sdk_win_64/imt_sdk_win_64/winavr/bin/../lib/gcc/avr/4.3.3/../../../../avr/lib/avr5\libc.a(strncpy.o)
 *(.bss*)
 .bss.pxCurrentCoRoutine
                0x00800068        0x2 ./croutine.o
                0x00800068                pxCurrentCoRoutine
 .bss.uxTopCoRoutineReadyPriority
                0x0080006a        0x1 ./croutine.o
 .bss.xCoRoutineTickCount
                0x0080006b        0x2 ./croutine.o
 .bss.xLastTickCount
                0x0080006d        0x2 ./croutine.o
 .bss.xPassedTicks
                0x0080006f        0x2 ./croutine.o
 .bss.pxReadyCoRoutineLists
                0x00800071       0x12 ./croutine.o
 .bss.xDelayedCoRoutineList1
                0x00800083        0x9 ./croutine.o
 .bss.xDelayedCoRoutineList2
                0x0080008c        0x9 ./croutine.o
 .bss.pxDelayedCoRoutineList
                0x00800095        0x2 ./croutine.o
 .bss.pxOverflowDelayedCoRoutineList
                0x00800097        0x2 ./croutine.o
 .bss.xPendingReadyCoRoutineList
                0x00800099        0x9 ./croutine.o
 .bss.xNextFreeByte
                0x008000a2        0x2 ./heap_1.o
 .bss.xHeap     0x008000a4      0x258 ./heap_1.o
 .bss.pxCurrentTCB
                0x008002fc        0x2 ./tasks.o
                0x008002fc                pxCurrentTCB
 .bss.uxTasksDeleted
                0x008002fe        0x1 ./tasks.o
 .bss.uxCurrentNumberOfTasks
                0x008002ff        0x1 ./tasks.o
 .bss.xTickCount
                0x00800300        0x2 ./tasks.o
 .bss.uxTopUsedPriority
                0x00800302        0x1 ./tasks.o
 .bss.uxTopReadyPriority
                0x00800303        0x1 ./tasks.o
 .bss.xSchedulerRunning
                0x00800304        0x1 ./tasks.o
 .bss.uxSchedulerSuspended
                0x00800305        0x1 ./tasks.o
 .bss.uxMissedTicks
                0x00800306        0x1 ./tasks.o
 .bss.xMissedYield
                0x00800307        0x1 ./tasks.o
 .bss.xNumOfOverflows
                0x00800308        0x1 ./tasks.o
 .bss.uxTaskNumber
                0x00800309        0x1 ./tasks.o
 .bss.pxReadyTasksLists
                0x0080030a       0x2d ./tasks.o
 .bss.xDelayedTaskList1
                0x00800337        0x9 ./tasks.o
 .bss.xDelayedTaskList2
                0x00800340        0x9 ./tasks.o
 .bss.pxDelayedTaskList
                0x00800349        0x2 ./tasks.o
 .bss.pxOverflowDelayedTaskList
                0x0080034b        0x2 ./tasks.o
 .bss.xPendingReadyList
                0x0080034d        0x9 ./tasks.o
 .bss.xTasksWaitingTermination
                0x00800356        0x9 ./tasks.o
 *(COMMON)
 COMMON         0x0080035f        0x2 ./main.o
                0x0080035f                semaphor_led
                0x00800361                PROVIDE (__bss_end, .)
                0x00002d22                __data_load_start = LOADADDR (.data)
                0x00002d2a                __data_load_end = (__data_load_start + SIZEOF (.data))

.noinit         0x00800361        0x0
                0x00800361                PROVIDE (__noinit_start, .)
 *(.noinit*)
                0x00800361                PROVIDE (__noinit_end, .)
                0x00800361                _end = .
                0x00800361                PROVIDE (__heap_start, .)

.eeprom         0x00810000        0x0
 *(.eeprom*)
                0x00810000                __eeprom_end = .

.fuse
 *(.fuse)
 *(.lfuse)
 *(.hfuse)
 *(.efuse)

.lock
 *(.lock*)

.signature
 *(.signature*)

.stab           0x00000000     0x492c
 *(.stab)
 .stab          0x00000000      0x4c8 ./DIO_pro.o
 .stab          0x000004c8      0xb34 ./croutine.o
                                0xb40 (size before relaxing)
 .stab          0x00000ffc      0x354 ./heap_1.o
                                0x624 (size before relaxing)
 .stab          0x00001350      0x474 ./list.o
                                0x750 (size before relaxing)
 .stab          0x000017c4      0x36c ./main.o
                                0x6e4 (size before relaxing)
 .stab          0x00001b30      0x840 ./port.o
                                0xb70 (size before relaxing)
 .stab          0x00002370      0xe94 ./queue.o
                               0x11d0 (size before relaxing)
 .stab          0x00003204     0x1578 ./tasks.o
                               0x17d0 (size before relaxing)
 .stab          0x0000477c      0x1b0 ./timers.o
                                0x4c8 (size before relaxing)

.stabstr        0x00000000     0x2e39
 *(.stabstr)
 .stabstr       0x00000000     0x2e39 ./DIO_pro.o

.stab.excl
 *(.stab.excl)

.stab.exclstr
 *(.stab.exclstr)

.stab.index
 *(.stab.index)

.stab.indexstr
 *(.stab.indexstr)

.comment
 *(.comment)

.debug
 *(.debug)

.line
 *(.line)

.debug_srcinfo
 *(.debug_srcinfo)

.debug_sfnames
 *(.debug_sfnames)

.debug_aranges
 *(.debug_aranges)

.debug_pubnames
 *(.debug_pubnames)

.debug_info
 *(.debug_info)
 *(.gnu.linkonce.wi.*)

.debug_abbrev
 *(.debug_abbrev)

.debug_line
 *(.debug_line)

.debug_frame
 *(.debug_frame)

.debug_str
 *(.debug_str)

.debug_loc
 *(.debug_loc)

.debug_macinfo
 *(.debug_macinfo)
OUTPUT(semaphor.elf elf32-avr)
LOAD linker stubs
